Parsed test spec with 2 sessions

starting permutation: s1b s1i s1c s2b s2a s2c
step s1b: begin;
step s1i: insert into ppk1 (a) values (1);
ERROR:  duplicate key value violates unique constraint "ppk1_pkey"
step s1c: commit;
step s2b: begin;
step s2a: alter table pfk attach partition pfk1 for values in (1);
step s2c: commit;

starting permutation: s1b s1i s2b s1c s2a s2c
step s1b: begin;
step s1i: insert into ppk1 (a) values (1);
ERROR:  duplicate key value violates unique constraint "ppk1_pkey"
step s2b: begin;
step s1c: commit;
step s2a: alter table pfk attach partition pfk1 for values in (1);
step s2c: commit;

starting permutation: s1b s1i s2b s2a s1c s2c
step s1b: begin;
step s1i: insert into ppk1 (a) values (1);
ERROR:  duplicate key value violates unique constraint "ppk1_pkey"
step s2b: begin;
step s2a: alter table pfk attach partition pfk1 for values in (1);
step s1c: commit;
step s2c: commit;

starting permutation: s1b s2b s1i s1c s2a s2c
step s1b: begin;
step s2b: begin;
step s1i: insert into ppk1 (a) values (1);
ERROR:  duplicate key value violates unique constraint "ppk1_pkey"
step s1c: commit;
step s2a: alter table pfk attach partition pfk1 for values in (1);
step s2c: commit;

starting permutation: s1b s2b s1i s2a s1c s2c
step s1b: begin;
step s2b: begin;
step s1i: insert into ppk1 (a) values (1);
ERROR:  duplicate key value violates unique constraint "ppk1_pkey"
step s2a: alter table pfk attach partition pfk1 for values in (1);
step s1c: commit;
step s2c: commit;

starting permutation: s1b s2b s2a s1i s2c s1c
step s1b: begin;
step s2b: begin;
step s2a: alter table pfk attach partition pfk1 for values in (1);
step s1i: insert into ppk1 (a) values (1); <waiting ...>
step s2c: commit;
step s1i: <... completed>
ERROR:  duplicate key value violates unique constraint "ppk1_pkey"
step s1c: commit;

starting permutation: s1b s2b s2a s2c s1i s1c
step s1b: begin;
step s2b: begin;
step s2a: alter table pfk attach partition pfk1 for values in (1);
step s2c: commit;
step s1i: insert into ppk1 (a) values (1);
ERROR:  duplicate key value violates unique constraint "ppk1_pkey"
step s1c: commit;

starting permutation: s2b s1b s1i s1c s2a s2c
step s2b: begin;
step s1b: begin;
step s1i: insert into ppk1 (a) values (1);
ERROR:  duplicate key value violates unique constraint "ppk1_pkey"
step s1c: commit;
step s2a: alter table pfk attach partition pfk1 for values in (1);
step s2c: commit;

starting permutation: s2b s1b s1i s2a s1c s2c
step s2b: begin;
step s1b: begin;
step s1i: insert into ppk1 (a) values (1);
ERROR:  duplicate key value violates unique constraint "ppk1_pkey"
step s2a: alter table pfk attach partition pfk1 for values in (1);
step s1c: commit;
step s2c: commit;

starting permutation: s2b s1b s2a s1i s2c s1c
step s2b: begin;
step s1b: begin;
step s2a: alter table pfk attach partition pfk1 for values in (1);
step s1i: insert into ppk1 (a) values (1); <waiting ...>
step s2c: commit;
step s1i: <... completed>
ERROR:  duplicate key value violates unique constraint "ppk1_pkey"
step s1c: commit;

starting permutation: s2b s1b s2a s2c s1i s1c
step s2b: begin;
step s1b: begin;
step s2a: alter table pfk attach partition pfk1 for values in (1);
step s2c: commit;
step s1i: insert into ppk1 (a) values (1);
ERROR:  duplicate key value violates unique constraint "ppk1_pkey"
step s1c: commit;

starting permutation: s2b s2a s1b s1i s2c s1c
step s2b: begin;
step s2a: alter table pfk attach partition pfk1 for values in (1);
step s1b: begin;
step s1i: insert into ppk1 (a) values (1); <waiting ...>
step s2c: commit;
step s1i: <... completed>
ERROR:  duplicate key value violates unique constraint "ppk1_pkey"
step s1c: commit;

starting permutation: s2b s2a s1b s2c s1i s1c
step s2b: begin;
step s2a: alter table pfk attach partition pfk1 for values in (1);
step s1b: begin;
step s2c: commit;
step s1i: insert into ppk1 (a) values (1);
ERROR:  duplicate key value violates unique constraint "ppk1_pkey"
step s1c: commit;

starting permutation: s2b s2a s2c s1b s1i s1c
step s2b: begin;
step s2a: alter table pfk attach partition pfk1 for values in (1);
step s2c: commit;
step s1b: begin;
step s1i: insert into ppk1 (a) values (1);
ERROR:  duplicate key value violates unique constraint "ppk1_pkey"
step s1c: commit;
